Running Sphinx v9.1.0
loading translations [en]... done
loading pickled environment... done
myst v5.1.0: MdParserConfig(commonmark_only=False, gfm_only=False, enable_extensions={'deflist', 'colon_fence'}, disable_syntax=[], all_links_external=False, links_external_new_tab=False, url_schemes=('http', 'https', 'mailto', 'ftp'), ref_domains=None, fence_as_directive=set(), number_code_blocks=[], title_to_header=False, heading_anchors=6, heading_slug_func=None, html_meta={}, footnote_sort=True, footnote_transition=True, words_per_minute=200, substitutions={}, linkify_fuzzy_links=True, dmath_allow_labels=True, dmath_allow_space=True, dmath_allow_digits=True, dmath_double_inline=False, update_mathjax=True, mathjax_classes='tex2jax_process|mathjax_process|math|output_area', enable_checkboxes=False, strikethrough_single_tilde=False, colon_fence_exact_match=False, suppress_warnings=[], highlight_code_blocks=True)
building [mo]: targets for 0 po files that are out of date
writing output... 
building [html]: targets for 1 source files that are out of date
updating environment: 0 added, 1 changed, 0 removed
reading sources... [100%] index

looking for now-outdated files... none found
pickling environment... done
checking consistency... done
preparing documents... done
copying assets... 
copying downloadable files... [ 25%] case-studies/evidence/historical-stress-event-atlas-v1/preregistration.json
copying downloadable files... [ 50%] case-studies/evidence/historical-stress-event-atlas-v1/atlas.json
copying downloadable files... [ 75%] case-studies/evidence/historical-stress-event-atlas-v1/events.csv
copying downloadable files... [100%] ../../LICENSE

copying static files... 
Writing evaluated template result to /Users/timothyw/Github_Local/pySPD/site/_static/basic.css
Writing evaluated template result to /Users/timothyw/Github_Local/pySPD/site/_static/language_data.js
Writing evaluated template result to /Users/timothyw/Github_Local/pySPD/site/_static/documentation_options.js
Writing evaluated template result to /Users/timothyw/Github_Local/pySPD/site/_static/js/versions.js
copying static files: done
copying extra files... 
copying extra files: done
copying assets: done
writing output... [100%] index

generating indices... genindex done
writing additional pages... search done
dumping search index in English (code: en)... done
dumping object inventory... done
build succeeded.

The HTML pages are in site.
